#-----------------------------------------------------------
# Vivado v2016.4 (64-bit)
# SW Build 1756540 on Mon Jan 23 19:11:23 MST 2017
# IP Build 1755317 on Mon Jan 23 20:30:07 MST 2017
# Start of session at: Thu Jun 08 16:59:13 2017
# Process ID: 5904
# Current directory: C:/SEDR/ARM7-DesignKit/EXAMPLE_SoC/ARMSOC_1/Xilinx
# Command line: vivado.exe -gui_launcher_event rodinguilauncherevent4964 C:\SEDR\ARM7-DesignKit\EXAMPLE_SoC\ARMSOC_1\Xilinx\ARMSOC_1.xpr
# Log file: C:/SEDR/ARM7-DesignKit/EXAMPLE_SoC/ARMSOC_1/Xilinx/vivado.log
# Journal file: C:/SEDR/ARM7-DesignKit/EXAMPLE_SoC/ARMSOC_1/Xilinx\vivado.jou
#-----------------------------------------------------------
start_gui
open_project C:/SEDR/ARM7-DesignKit/EXAMPLE_SoC/ARMSOC_1/Xilinx/ARMSOC_1.xpr
reset_run synth_2
launch_runs impl_2 -to_step write_bitstream -jobs 8
wait_on_run impl_2
open_hw
connect_hw_server
open_hw_target
set_property PROGRAM.FILE {C:/SEDR/ARM7-DesignKit/EXAMPLE_SoC/ARMSOC_1/Xilinx/ARMSOC_1.runs/impl_2/AHBLITE_SYS.bit} [lindex [get_hw_devices xc7a35t_0] 0]
current_hw_device [lindex [get_hw_devices xc7a35t_0] 0]
refresh_hw_device -update_hw_probes false [lindex [get_hw_devices xc7a35t_0] 0]
set_property PROBES.FILE {} [lindex [get_hw_devices xc7a35t_0] 0]
set_property PROGRAM.FILE {C:/SEDR/ARM7-DesignKit/EXAMPLE_SoC/ARMSOC_1/Xilinx/ARMSOC_1.runs/impl_2/AHBLITE_SYS.bit} [lindex [get_hw_devices xc7a35t_0] 0]
program_hw_devices [lindex [get_hw_devices xc7a35t_0] 0]
refresh_hw_device [lindex [get_hw_devices xc7a35t_0] 0]
reset_run synth_2
launch_runs impl_2 -to_step write_bitstream -jobs 8
wait_on_run impl_2
set_property PROBES.FILE {} [lindex [get_hw_devices xc7a35t_0] 0]
set_property PROGRAM.FILE {C:/SEDR/ARM7-DesignKit/EXAMPLE_SoC/ARMSOC_1/Xilinx/ARMSOC_1.runs/impl_2/AHBLITE_SYS.bit} [lindex [get_hw_devices xc7a35t_0] 0]
program_hw_devices [lindex [get_hw_devices xc7a35t_0] 0]
refresh_hw_device [lindex [get_hw_devices xc7a35t_0] 0]
close_hw
archive_project C:/SEDR/ARM7-DesignKit/ARMSOC_1.xpr.zip -temp_dir C:/SEDR/ARM7-DesignKit/EXAMPLE_SoC/ARMSOC_1/Xilinx/.Xil/Vivado-5904-DESKTOP-NVS11GO -force -exclude_run_results -include_config_settings
